
> react-example@0.0.0 build
> vite build

vite v6.4.1 building for production...
transforming...
✓ 10 modules transformed.
✗ Build failed in 366ms
error during build:
[vite-plugin-pwa:build] [plugin vite-plugin-pwa:build] src/App.tsx (2294:2): There was an error during the build:
  Transform failed with 3 errors:
/home/akbarali/Downloads/oson-soz/src/App.tsx:2294:2: ERROR: The character "}" is not valid inside a JSX element
/home/akbarali/Downloads/oson-soz/src/App.tsx:2304:0: ERROR: The character "}" is not valid inside a JSX element
/home/akbarali/Downloads/oson-soz/src/App.tsx:2307:2: ERROR: Unexpected "const"
Additionally, handling the error in the 'buildEnd' hook caused the following error:
  Transform failed with 3 errors:
/home/akbarali/Downloads/oson-soz/src/App.tsx:2294:2: ERROR: The character "}" is not valid inside a JSX element
/home/akbarali/Downloads/oson-soz/src/App.tsx:2304:0: ERROR: The character "}" is not valid inside a JSX element
/home/akbarali/Downloads/oson-soz/src/App.tsx:2307:2: ERROR: Unexpected "const"
file: /home/akbarali/Downloads/oson-soz/src/App.tsx:2294:2

The character "}" is not valid inside a JSX element
2292|        </div>
2293|      );
2294|    }
   |    ^
2295|  
2296|    if (mode === 'quiz') return <QuizMode words={words} setWords={setWords} setStats={setStats} onBack={() => setMode('menu')} />;

The character "}" is not valid inside a JSX element
2302|  
2303|    return null;
2304|  }
   |  ^
2305|  
2306|  function QuizMode({ words, setWords, setStats, onBack }: any) {

Unexpected "const"
2305|  
2306|  function QuizMode({ words, setWords, setStats, onBack }: any) {
2307|    const [questions, setQuestions] = useState<any[]>([]);
   |    ^
2308|    const [currentIndex, setCurrentIndex] = useState(0);
2309|    const [score, setScore] = useState(0);

    at getRollupError (file:///home/akbarali/Downloads/oson-soz/node_modules/rollup/dist/es/shared/parseAst.js:406:41)
    at file:///home/akbarali/Downloads/oson-soz/node_modules/rollup/dist/es/shared/node-entry.js:23522:39
    at process.processTicksAndRejections (node:internal/process/task_queues:104:5)
    at async catchUnfinishedHookActions (file:///home/akbarali/Downloads/oson-soz/node_modules/rollup/dist/es/shared/node-entry.js:22980:16)
    at async rollupInternal (file:///home/akbarali/Downloads/oson-soz/node_modules/rollup/dist/es/shared/node-entry.js:23505:5)
    at async buildEnvironment (file:///home/akbarali/Downloads/oson-soz/node_modules/vite/dist/node/chunks/dep-D4NMHUTW.js:46235:14)
    at async Object.defaultBuildApp [as buildApp] (file:///home/akbarali/Downloads/oson-soz/node_modules/vite/dist/node/chunks/dep-D4NMHUTW.js:46713:5)
    at async CAC.<anonymous> (file:///home/akbarali/Downloads/oson-soz/node_modules/vite/dist/node/cli.js:863:7)
